// Jest Snapshot v1, https://goo.gl/fbAQLP

exports[`Snapshot Table 1`] = `
<div
  className="sc-AykKC MrlJI pl-0 pr-0 pb-3 bg-light bg-secondary"
>
  <div
    className="title d-flex p-3"
  >
    <h4>
      MOA station
    </h4>
    <span>
      <strong>
        Stop #:
      </strong>
      1
    </span>
  </div>
  <div
    className="row ml-0 mr-0 bg-warning"
  >
    <div
      className="col-3 p-3 text-left font-weight-bold"
    >
      ROUTE
    </div>
    <div
      className="col-5 p-3 text-left font-weight-bold"
    >
      DESTINATION
    </div>
    <div
      className="col-4 p-3 text-right font-weight-bold"
    >
      DEPARTS
    </div>
  </div>
  <div
    className="row border-bottom ml-0 mr-0"
  >
    <div
      className="col-3 first-col p-3 text-left font-weight-bold"
    >
      Green
    </div>
    <div
      className="col-5 second-col p-3 text-left"
    >
      to Mpls-Target Field
    </div>
    <div
      className="col-4 last-col p-3 text-right font-weight-bold"
    >
      6 Min
    </div>
  </div>
</div>
`;
